st7735.c:90:13:ST7735_Select	8	static
st7735.c:94:6:ST7735_Unselect	8	static
st7735.c:98:13:ST7735_Reset	8	static
st7735.c:104:13:ST7735_WriteCommand	16	static
st7735.c:109:13:ST7735_WriteData	16	static
st7735.c:114:13:ST7735_ExecuteCommandList	24	static
st7735.c:140:13:ST7735_SetAddressWindow	32	static
st7735.c:156:6:ST7735_Init	8	static
st7735.c:165:6:ST7735_DrawPixel	24	static
st7735.c:178:13:ST7735_WriteChar	48	static
st7735.c:214:6:ST7735_WriteString	32	static
st7735.c:240:6:ST7735_FillRectangle	32	static
st7735.c:260:6:ST7735_FillRectangleFast	32	static
st7735.c:283:6:ST7735_FillScreen	24	static
st7735.c:287:6:ST7735_FillScreenFast	24	static
st7735.c:291:6:ST7735_DrawImage	24	static
st7735.c:302:6:ST7735_InvertColors	16	static
st7735.c:308:6:ST7735_SetGamma	16	static
st7735.c:316:6:ST7735_DrawLine	40	static
st7735.c:370:6:ST7735_Test	24	static
st7735.c:382:6:ST7735_DrawLines	32	static
